// Jest Snapshot v1, https://goo.gl/fbAQLP

exports[`Render moviesmallcard 1`] = `
<article
  className="small-movie-card catalog__movies-card"
  onMouseEnter={[Function]}
  onMouseLeave={[Function]}
>
  <div
    className="small-movie-card__image"
    onClick={[Function]}
  >
    <video
      className="player__video"
      muted={true}
      poster="http://placekitten.com/245/175"
      src="https://upload.wikimedia.org/wikipedia/commons/transcoded/b/b3/Big_Buck_Bunny_Trailer_400p.ogv/Big_Buck_Bunny_Trailer_400p.ogv.360p.webm"
    />
  </div>
  <h3
    className="small-movie-card__title"
    onClick={[Function]}
  >
    <a
      className="small-movie-card__link"
      href="/films/2"
      onClick={[Function]}
    >
      Pulp Fiction
    </a>
  </h3>
</article>
`;
