// Jest Snapshot v1, https://goo.gl/fbAQLP

exports[`VideoPlayer is rendered correctly 1`] = `
<video
  className="player__video"
  muted={true}
  poster="http://placekitten.com/245/175"
  src="https://upload.wikimedia.org/wikipedia/commons/transcoded/b/b3/Big_Buck_Bunny_Trailer_400p.ogv/Big_Buck_Bunny_Trailer_400p.ogv.360p.webm"
/>
`;
