// Jest Snapshot v1, https://goo.gl/fbAQLP

exports[`SignIn page is rendered correctly 1`] = `null`;
